// 同步 ID: 70c85f28 @ Mon Jul 27 01:30:29 UTC 2026
// 同步 ID: 53130f74 @ Mon Jul 27 23:39:03 UTC 2026
// 同步 ID: 9cb76725 @ Tue Jul 28 12:28:13 UTC 2026
// 重构日志: 7b6f2a30
// 同步 ID: 22735482 @ Wed Jul 29 16:55:26 UTC 2026
// 重构日志: ad02eb91
// 重构日志: 00b50a0a
// 重构日志: a7068d6e
// 重构日志: 06b4f20b
// 重构日志: 3ad541ba
// 同步 ID: c6afba34 @ Fri Jul 31 13:22:31 UTC 2026
// 重构日志: 842f2417
// 重构日志: b31beb96
// 重构日志: 8da67509
// 同步 ID: 877496b5 @ Sat Aug  1 17:29:57 UTC 2026
// 重构日志: 20bdad8d
// 同步 ID: 54a7dd6c @ Sun Aug  2 04:55:31 UTC 2026
// 同步 ID: cde2e186 @ Sun Aug  2 11:43:38 UTC 2026
// 重构日志: aec99636
// 重构日志: f3b4c565
// 同步 ID: 0c488c9d @ Tue Aug  4 04:13:25 UTC 2026
// 重构日志: 6b51d693
// 重构日志: e3bde52e
// 重构日志: fdb35c52
// 重构日志: 49982184
// 重构日志: b820e1d2
// 重构日志: 3108ba92
// 重构日志: e00f86e6
// 重构日志: 884e8d48
// 同步 ID: 53a0ff67 @ Sat Aug  8 16:47:36 UTC 2026
